[0.005s] Invoking command in '/home/aero-ws/10x_Path_Smoothing/ros2_integration/build/path_smoothing_turtlebot': /usr/bin/cmake /home/aero-ws/10x_Path_Smoothing/ros2_integration -DCMAKE_INSTALL_PREFIX=/home/aero-ws/10x_Path_Smoothing/ros2_integration/install/path_smoothing_turtlebot
[0.030s] -- The C compiler identification is GNU 11.4.0
[0.053s] -- The CXX compiler identification is GNU 11.4.0
[0.055s] -- Detecting C compiler ABI info
[0.085s] -- Detecting C compiler ABI info - done
[0.088s] -- Check for working C compiler: /usr/bin/cc - skipped
[0.088s] -- Detecting C compile features
[0.088s] -- Detecting C compile features - done
[0.090s] -- Detecting CXX compiler ABI info
[0.125s] -- Detecting CXX compiler ABI info - done
[0.128s] -- Check for working CXX compiler: /usr/bin/c++ - skipped
[0.128s] -- Detecting CXX compile features
[0.128s] -- Detecting CXX compile features - done
[0.129s] -- Found ament_cmake: 1.3.12 (/opt/ros/humble/share/ament_cmake/cmake)
[0.193s] -- Found Python3: /usr/bin/python3 (found version "3.10.12") found components: Interpreter 
[0.229s] -- Found rclpy: 3.3.17 (/opt/ros/humble/share/rclpy/cmake)
[0.230s] -- Found geometry_msgs: 4.9.0 (/opt/ros/humble/share/geometry_msgs/cmake)
[0.244s] -- Found rosidl_generator_c: 3.1.7 (/opt/ros/humble/share/rosidl_generator_c/cmake)
[0.246s] -- Found rosidl_adapter: 3.1.7 (/opt/ros/humble/share/rosidl_adapter/cmake)
[0.249s] -- Found rosidl_generator_cpp: 3.1.7 (/opt/ros/humble/share/rosidl_generator_cpp/cmake)
[0.253s] -- Using all available rosidl_typesupport_c: rosidl_typesupport_fastrtps_c;rosidl_typesupport_introspection_c
[0.259s] -- Using all available rosidl_typesupport_cpp: rosidl_typesupport_fastrtps_cpp;rosidl_typesupport_introspection_cpp
[0.274s] -- Found nav_msgs: 4.9.0 (/opt/ros/humble/share/nav_msgs/cmake)
[0.280s] -- Found sensor_msgs: 4.9.0 (/opt/ros/humble/share/sensor_msgs/cmake)
[0.286s] -- Found visualization_msgs: 4.9.0 (/opt/ros/humble/share/visualization_msgs/cmake)
[0.293s] -- Found tf2_ros: 0.25.15 (/opt/ros/humble/share/tf2_ros/cmake)
[0.320s] -- Found rmw_implementation_cmake: 6.1.2 (/opt/ros/humble/share/rmw_implementation_cmake/cmake)
[0.321s] -- Found rmw_fastrtps_cpp: 6.2.8 (/opt/ros/humble/share/rmw_fastrtps_cpp/cmake)
[0.357s] -- Found OpenSSL: /usr/lib/x86_64-linux-gnu/libcrypto.so (found version "3.0.2")  
[0.368s] -- Found FastRTPS: /opt/ros/humble/include  
[0.385s] -- Using RMW implementation 'rmw_fastrtps_cpp' as default
[0.388s] -- Looking for pthread.h
[0.419s] -- Looking for pthread.h - found
[0.419s] -- Performing Test CMAKE_HAVE_LIBC_PTHREAD
[0.450s] -- Performing Test CMAKE_HAVE_LIBC_PTHREAD - Success
[0.451s] -- Found Threads: TRUE  
[0.523s] Error parsing '/home/aero-ws/10x_Path_Smoothing/ros2_integration/package.xml':
[0.542s] Traceback (most recent call last):
[0.542s]   File "/usr/lib/python3/dist-packages/catkin_pkg/package.py", line 610, in parse_package_string
[0.542s]     root = dom.parseString(data)
[0.542s]   File "/usr/lib/python3.10/xml/dom/minidom.py", line 2000, in parseString
[0.542s]     return expatbuilder.parseString(string)
[0.542s]   File "/usr/lib/python3.10/xml/dom/expatbuilder.py", line 925, in parseString
[0.542s]     return builder.parseString(string)
[0.542s]   File "/usr/lib/python3.10/xml/dom/expatbuilder.py", line 223, in parseString
[0.542s]     parser.Parse(string, True)
[0.542s] xml.parsers.expat.ExpatError: XML or text declaration not at start of entity: line 2, column 0
[0.542s] 
[0.542s] During handling of the above exception, another exception occurred:
[0.542s] 
[0.542s] Traceback (most recent call last):
[0.542s]   File "/opt/ros/humble/share/ament_cmake_core/cmake/core/package_xml_2_cmake.py", line 150, in <module>
[0.542s]     main()
[0.542s]   File "/opt/ros/humble/share/ament_cmake_core/cmake/core/package_xml_2_cmake.py", line 53, in main
[0.542s]     raise e
[0.542s]   File "/opt/ros/humble/share/ament_cmake_core/cmake/core/package_xml_2_cmake.py", line 49, in main
[0.542s]     package = parse_package_string(
[0.542s]   File "/usr/lib/python3/dist-packages/catkin_pkg/package.py", line 612, in parse_package_string
[0.542s]     raise InvalidPackage('The manifest contains invalid XML:\n%s' % ex, filename)
[0.542s] catkin_pkg.package.InvalidPackage: Error(s) in package '/home/aero-ws/10x_Path_Smoothing/ros2_integration/package.xml':
[0.542s] The manifest contains invalid XML:
[0.542s] XML or text declaration not at start of entity: line 2, column 0
[0.548s] [31mCMake Error at /opt/ros/humble/share/ament_cmake_core/cmake/core/ament_package_xml.cmake:95 (message):
[0.548s]   execute_process(/usr/bin/python3
[0.548s]   /opt/ros/humble/share/ament_cmake_core/cmake/core/package_xml_2_cmake.py
[0.548s]   /home/aero-ws/10x_Path_Smoothing/ros2_integration/package.xml
[0.548s]   /home/aero-ws/10x_Path_Smoothing/ros2_integration/build/path_smoothing_turtlebot/ament_cmake_core/package.cmake)
[0.548s]   returned error code 1
[0.549s] Call Stack (most recent call first):
[0.549s]   /opt/ros/humble/share/ament_cmake_core/cmake/core/ament_package_xml.cmake:49 (_ament_package_xml)
[0.549s]   /opt/ros/humble/share/ament_cmake_python/cmake/ament_python_install_package.cmake:60 (ament_package_xml)
[0.549s]   /opt/ros/humble/share/ament_cmake_python/cmake/ament_python_install_package.cmake:39 (_ament_cmake_python_install_package)
[0.549s]   CMakeLists.txt:19 (ament_python_install_package)
[0.549s] 
[0.549s] [0m
[0.549s] -- Configuring incomplete, errors occurred!
[0.549s] See also "/home/aero-ws/10x_Path_Smoothing/ros2_integration/build/path_smoothing_turtlebot/CMakeFiles/CMakeOutput.log".
[0.556s] Invoked command in '/home/aero-ws/10x_Path_Smoothing/ros2_integration/build/path_smoothing_turtlebot' returned '1': /usr/bin/cmake /home/aero-ws/10x_Path_Smoothing/ros2_integration -DCMAKE_INSTALL_PREFIX=/home/aero-ws/10x_Path_Smoothing/ros2_integration/install/path_smoothing_turtlebot
